PHPUnit 11.5.43 by Sebastian Bergmann and contributors.

Runtime:       PHP 8.3.17
Configuration: C:\Projek Magang\HRIS-LDP\phpunit.xml

.FFF                                                                4 / 4 (100%)

Time: 00:04.954, Memory: 46.00 MB

There were 3 failures:

1) Tests\Feature\Auth\PasswordResetTest::test_reset_password_link_can_be_requested
The expected [App\Notifications\ResetPasswordNotification] notification was not sent.
Failed asserting that false is true.

C:\Projek Magang\HRIS-LDP\vendor\laravel\framework\src\Illuminate\Support\Testing\Fakes\NotificationFake.php:89
C:\Projek Magang\HRIS-LDP\vendor\laravel\framework\src\Illuminate\Support\Facades\Facade.php:363
C:\Projek Magang\HRIS-LDP\tests\Feature\Auth\PasswordResetTest.php:30

2) Tests\Feature\Auth\PasswordResetTest::test_reset_password_screen_can_be_rendered
The expected [App\Notifications\ResetPasswordNotification] notification was not sent.
Failed asserting that false is true.

C:\Projek Magang\HRIS-LDP\vendor\laravel\framework\src\Illuminate\Support\Testing\Fakes\NotificationFake.php:89
C:\Projek Magang\HRIS-LDP\vendor\laravel\framework\src\Illuminate\Support\Facades\Facade.php:363
C:\Projek Magang\HRIS-LDP\tests\Feature\Auth\PasswordResetTest.php:41

3) Tests\Feature\Auth\PasswordResetTest::test_password_can_be_reset_with_valid_token
The expected [App\Notifications\ResetPasswordNotification] notification was not sent.
Failed asserting that false is true.

C:\Projek Magang\HRIS-LDP\vendor\laravel\framework\src\Illuminate\Support\Testing\Fakes\NotificationFake.php:89
C:\Projek Magang\HRIS-LDP\vendor\laravel\framework\src\Illuminate\Support\Facades\Facade.php:363
C:\Projek Magang\HRIS-LDP\tests\Feature\Auth\PasswordResetTest.php:58

FAILURES!
Tests: 4, Assertions: 4, Failures: 3.
